// Jest Snapshot v1, https://goo.gl/fbAQLP

exports[`renders correctly 1`] = `
<div
  className="Border"
>
  <ul>
    <li>
      <div>
        <h3>
          Пост №
          1
        </h3>
        <div
          className="itro"
        >
          <p
            className="Joke"
          >
            <b>
              Случайный Пост №
              1
            </b>
          </p>
          <ul>
            <li>
              UserId: 
            </li>
            <li>
              Id: 
            </li>
            <li>
              Title: 
            </li>
            <li>
              Body: 
            </li>
          </ul>
        </div>
        <div>
          <b>
            Случайный комментарий №
          </b>
          <ul>
            <li>
              PostId: 
            </li>
            <li>
              Id: 
            </li>
            <li>
              Name: 
            </li>
            <li>
              Email: 
            </li>
            <li>
              Body: 
            </li>
          </ul>
        </div>
        <div>
          <b>
            Случайный альбом №
          </b>
          <ul>
            <li>
              UserId: 
            </li>
            <li>
              Id: 
            </li>
            <li>
              Title: 
            </li>
          </ul>
        </div>
        <div>
          <b>
            Случайное Фото №
          </b>
          <ul>
            <li>
              AlbumId: 
            </li>
            <li>
              Id: 
            </li>
            <li>
              Title: 
            </li>
            <li>
              Url: 
            </li>
            <li>
              ThumbnailUrl: 
            </li>
          </ul>
        </div>
        <div>
          <b>
            Случайный список дел №
          </b>
          <ul>
            <li>
              UserId: 
            </li>
            <li>
              Id: 
            </li>
            <li>
              Title: 
            </li>
            <li>
              Completed:  
            </li>
          </ul>
        </div>
        <div>
          <b>
            Случайный пользователь №
          </b>
          <ul>
            <li>
              Id: 
            </li>
            <li>
              Name: 
            </li>
            <li>
              Username: 
            </li>
            <li>
              Email: 
            </li>
            <li>
              Address:
              <ul>
                <li>
                  Street: 
                </li>
                <li>
                  Suite: 
                </li>
                <li>
                  City: 
                </li>
                <li>
                  Zipcode: 
                </li>
                <li>
                  Geo:
                  <ul>
                    <li>
                      Latitude: 
                    </li>
                    <li>
                      Longitude: 
                    </li>
                  </ul>
                </li>
              </ul>
            </li>
            <li>
              Phone: 
            </li>
            <li>
              Website: 
            </li>
            <li>
              Company:
              <ul>
                <li>
                  Name: 
                </li>
                <li>
                  CatchPhrase: 
                </li>
                <li>
                  Bs: 
                </li>
              </ul>
            </li>
          </ul>
        </div>
      </div>
    </li>
    <li>
      <div>
        <h3>
          Пост №
          2
        </h3>
        <div
          className="itro"
        >
          <p
            className="Joke"
          >
            <b>
              Случайный Пост №
              2
            </b>
          </p>
          <ul>
            <li>
              UserId: 
            </li>
            <li>
              Id: 
            </li>
            <li>
              Title: 
            </li>
            <li>
              Body: 
            </li>
          </ul>
        </div>
        <div>
          <b>
            Случайный комментарий №
          </b>
          <ul>
            <li>
              PostId: 
            </li>
            <li>
              Id: 
            </li>
            <li>
              Name: 
            </li>
            <li>
              Email: 
            </li>
            <li>
              Body: 
            </li>
          </ul>
        </div>
        <div>
          <b>
            Случайный альбом №
          </b>
          <ul>
            <li>
              UserId: 
            </li>
            <li>
              Id: 
            </li>
            <li>
              Title: 
            </li>
          </ul>
        </div>
        <div>
          <b>
            Случайное Фото №
          </b>
          <ul>
            <li>
              AlbumId: 
            </li>
            <li>
              Id: 
            </li>
            <li>
              Title: 
            </li>
            <li>
              Url: 
            </li>
            <li>
              ThumbnailUrl: 
            </li>
          </ul>
        </div>
        <div>
          <b>
            Случайный список дел №
          </b>
          <ul>
            <li>
              UserId: 
            </li>
            <li>
              Id: 
            </li>
            <li>
              Title: 
            </li>
            <li>
              Completed:  
            </li>
          </ul>
        </div>
        <div>
          <b>
            Случайный пользователь №
          </b>
          <ul>
            <li>
              Id: 
            </li>
            <li>
              Name: 
            </li>
            <li>
              Username: 
            </li>
            <li>
              Email: 
            </li>
            <li>
              Address:
              <ul>
                <li>
                  Street: 
                </li>
                <li>
                  Suite: 
                </li>
                <li>
                  City: 
                </li>
                <li>
                  Zipcode: 
                </li>
                <li>
                  Geo:
                  <ul>
                    <li>
                      Latitude: 
                    </li>
                    <li>
                      Longitude: 
                    </li>
                  </ul>
                </li>
              </ul>
            </li>
            <li>
              Phone: 
            </li>
            <li>
              Website: 
            </li>
            <li>
              Company:
              <ul>
                <li>
                  Name: 
                </li>
                <li>
                  CatchPhrase: 
                </li>
                <li>
                  Bs: 
                </li>
              </ul>
            </li>
          </ul>
        </div>
      </div>
    </li>
    <li>
      <div>
        <h3>
          Пост №
          3
        </h3>
        <div
          className="itro"
        >
          <p
            className="Joke"
          >
            <b>
              Случайный Пост №
              3
            </b>
          </p>
          <ul>
            <li>
              UserId: 
            </li>
            <li>
              Id: 
            </li>
            <li>
              Title: 
            </li>
            <li>
              Body: 
            </li>
          </ul>
        </div>
        <div>
          <b>
            Случайный комментарий №
          </b>
          <ul>
            <li>
              PostId: 
            </li>
            <li>
              Id: 
            </li>
            <li>
              Name: 
            </li>
            <li>
              Email: 
            </li>
            <li>
              Body: 
            </li>
          </ul>
        </div>
        <div>
          <b>
            Случайный альбом №
          </b>
          <ul>
            <li>
              UserId: 
            </li>
            <li>
              Id: 
            </li>
            <li>
              Title: 
            </li>
          </ul>
        </div>
        <div>
          <b>
            Случайное Фото №
          </b>
          <ul>
            <li>
              AlbumId: 
            </li>
            <li>
              Id: 
            </li>
            <li>
              Title: 
            </li>
            <li>
              Url: 
            </li>
            <li>
              ThumbnailUrl: 
            </li>
          </ul>
        </div>
        <div>
          <b>
            Случайный список дел №
          </b>
          <ul>
            <li>
              UserId: 
            </li>
            <li>
              Id: 
            </li>
            <li>
              Title: 
            </li>
            <li>
              Completed:  
            </li>
          </ul>
        </div>
        <div>
          <b>
            Случайный пользователь №
          </b>
          <ul>
            <li>
              Id: 
            </li>
            <li>
              Name: 
            </li>
            <li>
              Username: 
            </li>
            <li>
              Email: 
            </li>
            <li>
              Address:
              <ul>
                <li>
                  Street: 
                </li>
                <li>
                  Suite: 
                </li>
                <li>
                  City: 
                </li>
                <li>
                  Zipcode: 
                </li>
                <li>
                  Geo:
                  <ul>
                    <li>
                      Latitude: 
                    </li>
                    <li>
                      Longitude: 
                    </li>
                  </ul>
                </li>
              </ul>
            </li>
            <li>
              Phone: 
            </li>
            <li>
              Website: 
            </li>
            <li>
              Company:
              <ul>
                <li>
                  Name: 
                </li>
                <li>
                  CatchPhrase: 
                </li>
                <li>
                  Bs: 
                </li>
              </ul>
            </li>
          </ul>
        </div>
      </div>
    </li>
  </ul>
</div>
`;
